PanzerNote Crash Log
Time: 2026-05-06 23:24:01
Version: unknown
Python: 3.11.9 (tags/v3.11.9:de54cf5, Apr  2 2024, 10:12:12) [MSC v.1938 64 bit (AMD64)]
OS: win32

============================================================

Traceback (most recent call last):
  File "C:\Users\chang\PycharmProjects\PanzerNote\main.py", line 133, in <module>
    main()
  File "C:\Users\chang\PycharmProjects\PanzerNote\main.py", line 120, in main
    window = MainWindow(config, profiler=profiler)
             ^^^^^^^^^^^^^^^^^^^^^^^^^^^^^^^^^^^^^
  File "C:\Users\chang\PycharmProjects\PanzerNote\src\main_window.py", line 109, in __init__
    self._restore_state()
  File "C:\Users\chang\PycharmProjects\PanzerNote\src\main_window.py", line 302, in _restore_state
    self.config.save_savegame()
  File "C:\Users\chang\PycharmProjects\PanzerNote\src\core\config.py", line 249, in save_savegame
    self._savegame_manager.save()
  File "C:\Users\chang\PycharmProjects\PanzerNote\src\core\savegame_manager.py", line 123, in save
    self._save_json(self._get_savegame_path(), self._savegame)
  File "C:\Users\chang\PycharmProjects\PanzerNote\src\core\savegame_manager.py", line 127, in _save_json
    self._file_guard.safe_write(filepath, content, validate_path=False)
  File "C:\Users\chang\PycharmProjects\PanzerNote\src\security\file_guard.py", line 236, in safe_write
    with open(filepath, 'wb') as f:
         ^^^^^^^^^^^^^^^^^^^^
PermissionError: [Errno 13] Permission denied: 'D:\\PanzerNote\\data\\gamedata\\savegame.json'
